[2026-07-28 20:35:31] START 10.1152/ajplung.00234.2020
TIMEOUT after 120 seconds
[2026-07-28 20:37:32] EXIT=124 10.1152/ajplung.00234.2020
[2026-07-28 20:37:32] START 10.1089/ten.tea.2022.0054
TIMEOUT after 120 seconds
[2026-07-28 20:39:33] EXIT=124 10.1089/ten.tea.2022.0054
[2026-07-28 20:39:33] START 10.1016/j.mtbio.2023.100603
TIMEOUT after 120 seconds
[2026-07-28 20:41:35] EXIT=124 10.1016/j.mtbio.2023.100603
[2026-07-28 20:41:35] START 10.1016/j.isci.2026.116638


[2026-07-28 20:41:51] EXIT=-1073741502 10.1016/j.isci.2026.116638
[2026-07-28 20:41:51] START 10.1242/dev.171652


[2026-07-28 20:42:16] EXIT=-1073741502 10.1242/dev.171652
[2026-07-28 20:42:16] START 10.1016/j.isci.2021.103061
TIMEOUT after 120 seconds
[2026-07-28 20:44:17] EXIT=124 10.1016/j.isci.2021.103061
[2026-07-28 20:44:17] START 10.1016/j.ooc.2023.100031
TIMEOUT after 120 seconds
[2026-07-28 20:46:17] EXIT=124 10.1016/j.ooc.2023.100031
[2026-07-28 20:46:17] START 10.1183/13993003.00908-2021
TIMEOUT after 120 seconds
[2026-07-28 20:48:18] EXIT=124 10.1183/13993003.00908-2021
