[2026-07-28 20:35:31] START 10.1152/ajplung.1993.264.2.l183
TIMEOUT after 120 seconds
[2026-07-28 20:37:32] EXIT=124 10.1152/ajplung.1993.264.2.l183
[2026-07-28 20:37:32] START 10.1016/j.isci.2022.104730
TIMEOUT after 120 seconds
[2026-07-28 20:39:33] EXIT=124 10.1016/j.isci.2022.104730
[2026-07-28 20:39:33] START 10.1016/j.xpro.2023.102735
TIMEOUT after 120 seconds
[2026-07-28 20:41:35] EXIT=124 10.1016/j.xpro.2023.102735
[2026-07-28 20:41:35] START 10.1016/j.biomaterials.2026.124084
TIMEOUT after 120 seconds
[2026-07-28 20:43:37] EXIT=124 10.1016/j.biomaterials.2026.124084
[2026-07-28 20:43:37] START 10.1165/rcmb.2009-0329oc
TIMEOUT after 120 seconds
[2026-07-28 20:45:37] EXIT=124 10.1165/rcmb.2009-0329oc
[2026-07-28 20:45:37] START 10.3390/genes11060603
TIMEOUT after 120 seconds
[2026-07-28 20:47:38] EXIT=124 10.3390/genes11060603
[2026-07-28 20:47:38] START 10.1080/22221751.2022.2148561
TIMEOUT after 120 seconds
[2026-07-28 20:49:38] EXIT=124 10.1080/22221751.2022.2148561
[2026-07-28 20:49:38] START 10.1007/7651_2025_670
TIMEOUT after 120 seconds
[2026-07-28 20:51:38] EXIT=124 10.1007/7651_2025_670
