[2026-07-28 20:35:32] START 10.1152/ajplung.00536.2020
TIMEOUT after 120 seconds
[2026-07-28 20:37:33] EXIT=124 10.1152/ajplung.00536.2020
[2026-07-28 20:37:33] START 10.21769/bioprotoc.4657
TIMEOUT after 120 seconds
[2026-07-28 20:39:33] EXIT=124 10.21769/bioprotoc.4657
[2026-07-28 20:39:34] START 10.1152/ajplung.00356.2025
TIMEOUT after 120 seconds
[2026-07-28 20:41:36] EXIT=124 10.1152/ajplung.00356.2025
[2026-07-28 20:41:36] START 10.1152/ajplung.1999.276.1.l75
TIMEOUT after 120 seconds
[2026-07-28 20:43:36] EXIT=124 10.1152/ajplung.1999.276.1.l75
[2026-07-28 20:43:36] START 10.3791/61541
TIMEOUT after 120 seconds
[2026-07-28 20:45:37] EXIT=124 10.3791/61541
[2026-07-28 20:45:37] START 10.12122/j.issn.1673-4254.2022.06.10
TIMEOUT after 120 seconds
[2026-07-28 20:47:37] EXIT=124 10.12122/j.issn.1673-4254.2022.06.10
[2026-07-28 20:47:37] START 10.1007/7651_2025_621
TIMEOUT after 120 seconds
[2026-07-28 20:49:37] EXIT=124 10.1007/7651_2025_621
