[2026-07-28 20:35:32] START 10.1242/dev.200693
TIMEOUT after 120 seconds
[2026-07-28 20:37:32] EXIT=124 10.1242/dev.200693
[2026-07-28 20:37:32] START 10.3791/63684
TIMEOUT after 120 seconds
[2026-07-28 20:39:33] EXIT=124 10.3791/63684
[2026-07-28 20:39:33] START 10.1164/rccm.202310-1831le
TIMEOUT after 120 seconds
[2026-07-28 20:41:35] EXIT=124 10.1164/rccm.202310-1831le
[2026-07-28 20:41:35] START 10.1139/o91-016


[2026-07-28 20:42:33] EXIT=-1073741502 10.1139/o91-016
[2026-07-28 20:42:33] START 10.3791/57492
TIMEOUT after 120 seconds
[2026-07-28 20:44:35] EXIT=124 10.3791/57492
[2026-07-28 20:44:35] START 10.1016/j.xpro.2022.101270
TIMEOUT after 120 seconds
[2026-07-28 20:46:37] EXIT=124 10.1016/j.xpro.2022.101270
[2026-07-28 20:46:37] START 10.1016/j.xpro.2023.102154
TIMEOUT after 120 seconds
[2026-07-28 20:48:37] EXIT=124 10.1016/j.xpro.2023.102154
